
> fe@0.0.0 build
> vite build

[36mvite v8.0.8 [32mbuilding client environment for production...[36m[39m
[2Ktransforming...✓ 1750 modules transformed.
[31m✗[39m Build failed in 1.09s
[31merror during build:
[31mBuild failed with 3 errors:

[plugin vite:vue] D:/Tenis_ChuaSuaEnVn/Tenis/frontend/src/views/admin/RegistrationsQueueView.vue:112:1
RolldownError: Invalid end tag.
SyntaxError: Invalid end tag.
    at createCompilerError (D:\Tenis_ChuaSuaEnVn\Tenis\frontend\node_modules\@vue\compiler-core\dist\compiler-core.cjs.prod.js:1374:17)
    at emitError (D:\Tenis_ChuaSuaEnVn\Tenis\frontend\node_modules\@vue\compiler-core\dist\compiler-core.cjs.prod.js:2980:5)
    at Object.onclosetag (D:\Tenis_ChuaSuaEnVn\Tenis\frontend\node_modules\@vue\compiler-core\dist\compiler-core.cjs.prod.js:2387:9)
    at Tokenizer.stateInClosingTagName (D:\Tenis_ChuaSuaEnVn\Tenis\frontend\node_modules\@vue\compiler-core\dist\compiler-core.cjs.prod.js:799:16)
    at Tokenizer.parse (D:\Tenis_ChuaSuaEnVn\Tenis\frontend\node_modules\@vue\compiler-core\dist\compiler-core.cjs.prod.js:1157:16)
    at Object.baseParse (D:\Tenis_ChuaSuaEnVn\Tenis\frontend\node_modules\@vue\compiler-core\dist\compiler-core.cjs.prod.js:3012:13)
    at Object.parse (D:\Tenis_ChuaSuaEnVn\Tenis\frontend\node_modules\@vue\compiler-dom\dist\compiler-dom.cjs.prod.js:665:23)
    at Object.parse$1 [as parse] (D:\Tenis_ChuaSuaEnVn\Tenis\frontend\node_modules\@vue\compiler-sfc\dist\compiler-sfc.cjs.js:1824:24)
    at createDescriptor (file:///D:/Tenis_ChuaSuaEnVn/Tenis/frontend/node_modules/@vitejs/plugin-vue/dist/index.mjs:50:42)
    at transformMain (file:///D:/Tenis_ChuaSuaEnVn/Tenis/frontend/node_modules/@vitejs/plugin-vue/dist/index.mjs:1303:33)
[plugin vite:vue] D:/Tenis_ChuaSuaEnVn/Tenis/frontend/src/views/admin/TournamentManagementView.vue:360:1
RolldownError: Invalid end tag.
SyntaxError: Invalid end tag.
    at createCompilerError (D:\Tenis_ChuaSuaEnVn\Tenis\frontend\node_modules\@vue\compiler-core\dist\compiler-core.cjs.prod.js:1374:17)
    at emitError (D:\Tenis_ChuaSuaEnVn\Tenis\frontend\node_modules\@vue\compiler-core\dist\compiler-core.cjs.prod.js:2980:5)
    at Object.onclosetag (D:\Tenis_ChuaSuaEnVn\Tenis\frontend\node_modules\@vue\compiler-core\dist\compiler-core.cjs.prod.js:2387:9)
    at Tokenizer.stateInClosingTagName (D:\Tenis_ChuaSuaEnVn\Tenis\frontend\node_modules\@vue\compiler-core\dist\compiler-core.cjs.prod.js:799:16)
    at Tokenizer.parse (D:\Tenis_ChuaSuaEnVn\Tenis\frontend\node_modules\@vue\compiler-core\dist\compiler-core.cjs.prod.js:1157:16)
    at Object.baseParse (D:\Tenis_ChuaSuaEnVn\Tenis\frontend\node_modules\@vue\compiler-core\dist\compiler-core.cjs.prod.js:3012:13)
    at Object.parse (D:\Tenis_ChuaSuaEnVn\Tenis\frontend\node_modules\@vue\compiler-dom\dist\compiler-dom.cjs.prod.js:665:23)
    at Object.parse$1 [as parse] (D:\Tenis_ChuaSuaEnVn\Tenis\frontend\node_modules\@vue\compiler-sfc\dist\compiler-sfc.cjs.js:1824:24)
    at createDescriptor (file:///D:/Tenis_ChuaSuaEnVn/Tenis/frontend/node_modules/@vitejs/plugin-vue/dist/index.mjs:50:42)
    at transformMain (file:///D:/Tenis_ChuaSuaEnVn/Tenis/frontend/node_modules/@vitejs/plugin-vue/dist/index.mjs:1303:33)
[plugin vite:vue] D:/Tenis_ChuaSuaEnVn/Tenis/frontend/src/views/admin/AdminPlayersView.vue:73:1
RolldownError: Invalid end tag.
SyntaxError: Invalid end tag.
    at createCompilerError (D:\Tenis_ChuaSuaEnVn\Tenis\frontend\node_modules\@vue\compiler-core\dist\compiler-core.cjs.prod.js:1374:17)
    at emitError (D:\Tenis_ChuaSuaEnVn\Tenis\frontend\node_modules\@vue\compiler-core\dist\compiler-core.cjs.prod.js:2980:5)
    at Object.onclosetag (D:\Tenis_ChuaSuaEnVn\Tenis\frontend\node_modules\@vue\compiler-core\dist\compiler-core.cjs.prod.js:2387:9)
    at Tokenizer.stateInClosingTagName (D:\Tenis_ChuaSuaEnVn\Tenis\frontend\node_modules\@vue\compiler-core\dist\compiler-core.cjs.prod.js:799:16)
    at Tokenizer.parse (D:\Tenis_ChuaSuaEnVn\Tenis\frontend\node_modules\@vue\compiler-core\dist\compiler-core.cjs.prod.js:1157:16)
    at Object.baseParse (D:\Tenis_ChuaSuaEnVn\Tenis\frontend\node_modules\@vue\compiler-core\dist\compiler-core.cjs.prod.js:3012:13)
    at Object.parse (D:\Tenis_ChuaSuaEnVn\Tenis\frontend\node_modules\@vue\compiler-dom\dist\compiler-dom.cjs.prod.js:665:23)
    at Object.parse$1 [as parse] (D:\Tenis_ChuaSuaEnVn\Tenis\frontend\node_modules\@vue\compiler-sfc\dist\compiler-sfc.cjs.js:1824:24)
    at createDescriptor (file:///D:/Tenis_ChuaSuaEnVn/Tenis/frontend/node_modules/@vitejs/plugin-vue/dist/index.mjs:50:42)
    at transformMain (file:///D:/Tenis_ChuaSuaEnVn/Tenis/frontend/node_modules/@vitejs/plugin-vue/dist/index.mjs:1303:33)[31m
    at aggregateBindingErrorsIntoJsError (file:///D:/Tenis_ChuaSuaEnVn/Tenis/frontend/node_modules/rolldown/dist/shared/error-w0u7biK-.mjs:48:18)
    at unwrapBindingResult (file:///D:/Tenis_ChuaSuaEnVn/Tenis/frontend/node_modules/rolldown/dist/shared/error-w0u7biK-.mjs:18:128)
    at #build (file:///D:/Tenis_ChuaSuaEnVn/Tenis/frontend/node_modules/rolldown/dist/shared/rolldown-build-DtGk-m96.mjs:3313:34)
    at async buildEnvironment (file:///D:/Tenis_ChuaSuaEnVn/Tenis/frontend/node_modules/vite/dist/node/chunks/node.js:32954:64)
    at async Object.build (file:///D:/Tenis_ChuaSuaEnVn/Tenis/frontend/node_modules/vite/dist/node/chunks/node.js:33376:19)
    at async Object.buildApp (file:///D:/Tenis_ChuaSuaEnVn/Tenis/frontend/node_modules/vite/dist/node/chunks/node.js:33373:153)
    at async CAC.<anonymous> (file:///D:/Tenis_ChuaSuaEnVn/Tenis/frontend/node_modules/vite/dist/node/cli.js:778:3) {
  errors: [Getter/Setter]
}[39m
